// Jest Snapshot v1, https://goo.gl/fbAQLP

exports[`EnumerateObjects can create the tree of some instructions 1`] = `
Object {
  "Common expressions for all objects": Object {
    "Angle": Object {
      "Angle": Object {
        "displayedName": "Angle",
        "fullGroupName": "Common expressions for all objects/Angle",
        "name": "Angle",
        "type": "Angle",
      },
    },
    "Movement": Object {
      "Average X coordinates of forces": Object {
        "displayedName": "Average X coordinates of forces",
        "fullGroupName": "Common expressions for all objects/Movement",
        "name": "ForceX",
        "type": "ForceX",
      },
      "Average Y coordinates of forces": Object {
        "displayedName": "Average Y coordinates of forces",
        "fullGroupName": "Common expressions for all objects/Movement",
        "name": "ForceY",
        "type": "ForceY",
      },
      "Average angle of the forces": Object {
        "displayedName": "Average angle of the forces",
        "fullGroupName": "Common expressions for all objects/Movement",
        "name": "ForceAngle",
        "type": "ForceAngle",
      },
      "Average length of the forces": Object {
        "displayedName": "Average length of the forces",
        "fullGroupName": "Common expressions for all objects/Movement",
        "name": "ForceLength",
        "type": "ForceLength",
      },
    },
    "Position": Object {
      "Distance between two objects": Object {
        "displayedName": "Distance between two objects",
        "fullGroupName": "Common expressions for all objects/Position",
        "name": "Distance",
        "type": "Distance",
      },
      "Square distance between two objects": Object {
        "displayedName": "Square distance between two objects",
        "fullGroupName": "Common expressions for all objects/Position",
        "name": "SqDistance",
        "type": "SqDistance",
      },
      "X position": Object {
        "displayedName": "X position",
        "fullGroupName": "Common expressions for all objects/Position",
        "name": "X",
        "type": "X",
      },
      "Y position": Object {
        "displayedName": "Y position",
        "fullGroupName": "Common expressions for all objects/Position",
        "name": "Y",
        "type": "Y",
      },
    },
    "Size": Object {
      "Height": Object {
        "displayedName": "Height",
        "fullGroupName": "Common expressions for all objects/Size",
        "name": "Height",
        "type": "Height",
      },
      "Width": Object {
        "displayedName": "Width",
        "fullGroupName": "Common expressions for all objects/Size",
        "name": "Width",
        "type": "Width",
      },
    },
    "Timers": Object {
      "Timer value": Object {
        "displayedName": "Timer value",
        "fullGroupName": "Common expressions for all objects/Timers",
        "name": "ObjectTimerElapsedTime",
        "type": "ObjectTimerElapsedTime",
      },
    },
    "Variables": Object {
      "Object's variable": Object {
        "displayedName": "Object's variable",
        "fullGroupName": "Common expressions for all objects/Variables",
        "name": "Variable",
        "type": "Variable",
      },
      "Object's variable number of children": Object {
        "displayedName": "Object's variable number of children",
        "fullGroupName": "Common expressions for all objects/Variables",
        "name": "VariableChildCount",
        "type": "VariableChildCount",
      },
    },
    "Visibility": Object {
      "Z order": Object {
        "displayedName": "Z order",
        "fullGroupName": "Common expressions for all objects/Visibility",
        "name": "ZOrder",
        "type": "ZOrder",
      },
    },
  },
  "Particle system": Object {
    "Advanced": Object {
      "Emission angle A": Object {
        "displayedName": "Emission angle A",
        "fullGroupName": "Particle system/Advanced",
        "name": "EmitterAngleA",
        "type": "EmitterAngleA",
      },
      "Emission angle B": Object {
        "displayedName": "Emission angle B",
        "fullGroupName": "Particle system/Advanced",
        "name": "EmitterAngleB",
        "type": "EmitterAngleB",
      },
    },
    "Common": Object {
      "Capacity": Object {
        "displayedName": "Capacity",
        "fullGroupName": "Particle system/Common",
        "name": "Tank",
        "type": "Tank",
      },
      "Emission angle": Object {
        "displayedName": "Emission angle",
        "fullGroupName": "Particle system/Common",
        "name": "EmitterAngle",
        "type": "EmitterAngle",
      },
      "Emission maximal force": Object {
        "displayedName": "Emission maximal force",
        "fullGroupName": "Particle system/Common",
        "name": "EmitterForceMax",
        "type": "EmitterForceMax",
      },
      "Emission minimal force": Object {
        "displayedName": "Emission minimal force",
        "fullGroupName": "Particle system/Common",
        "name": "EmitterForceMin",
        "type": "EmitterForceMin",
      },
      "Flow": Object {
        "displayedName": "Flow",
        "fullGroupName": "Particle system/Common",
        "name": "Flow",
        "type": "Flow",
      },
      "Gravity": Object {
        "displayedName": "Gravity",
        "fullGroupName": "Particle system/Common",
        "name": "ParticleGravityLength",
        "type": "ParticleGravityLength",
      },
      "Gravity angle": Object {
        "displayedName": "Gravity angle",
        "fullGroupName": "Particle system/Common",
        "name": "ParticleGravityAngle",
        "type": "ParticleGravityAngle",
      },
      "Radius of the emission zone": Object {
        "displayedName": "Radius of the emission zone",
        "fullGroupName": "Particle system/Common",
        "name": "ZoneRadius",
        "type": "ZoneRadius",
      },
    },
    "Particles": Object {
      "Particles number": Object {
        "displayedName": "Particles number",
        "fullGroupName": "Particle system/Particles",
        "name": "NbParticles",
        "type": "NbParticles",
      },
    },
    "Setup": Object {
      "Maximum lifetime of particles": Object {
        "displayedName": "Maximum lifetime of particles",
        "fullGroupName": "Particle system/Setup",
        "name": "ParticleLifeTimeMax",
        "type": "ParticleLifeTimeMax",
      },
      "Minimum lifetime of particles": Object {
        "displayedName": "Minimum lifetime of particles",
        "fullGroupName": "Particle system/Setup",
        "name": "ParticleLifeTimeMin",
        "type": "ParticleLifeTimeMin",
      },
      "Parameter 1 of blue color": Object {
        "displayedName": "Parameter 1 of blue color",
        "fullGroupName": "Particle system/Setup",
        "name": "ParticleBlue1",
        "type": "ParticleBlue1",
      },
      "Parameter 1 of green color": Object {
        "displayedName": "Parameter 1 of green color",
        "fullGroupName": "Particle system/Setup",
        "name": "ParticleGreen1",
        "type": "ParticleGreen1",
      },
      "Parameter 1 of red color": Object {
        "displayedName": "Parameter 1 of red color",
        "fullGroupName": "Particle system/Setup",
        "name": "ParticleRed1",
        "type": "ParticleRed1",
      },
      "Parameter 1 of size": Object {
        "displayedName": "Parameter 1 of size",
        "fullGroupName": "Particle system/Setup",
        "name": "ParticleSize1",
        "type": "ParticleSize1",
      },
      "Parameter 1 of transparency": Object {
        "displayedName": "Parameter 1 of transparency",
        "fullGroupName": "Particle system/Setup",
        "name": "ParticleAlpha1",
        "type": "ParticleAlpha1",
      },
      "Parameter 2 of blue color": Object {
        "displayedName": "Parameter 2 of blue color",
        "fullGroupName": "Particle system/Setup",
        "name": "ParticleBlue2",
        "type": "ParticleBlue2",
      },
      "Parameter 2 of green color": Object {
        "displayedName": "Parameter 2 of green color",
        "fullGroupName": "Particle system/Setup",
        "name": "ParticleGreen2",
        "type": "ParticleGreen2",
      },
      "Parameter 2 of red color": Object {
        "displayedName": "Parameter 2 of red color",
        "fullGroupName": "Particle system/Setup",
        "name": "ParticleRed2",
        "type": "ParticleRed2",
      },
      "Parameter 2 of size": Object {
        "displayedName": "Parameter 2 of size",
        "fullGroupName": "Particle system/Setup",
        "name": "ParticleSize2",
        "type": "ParticleSize2",
      },
      "Parameter 2 of transparency": Object {
        "displayedName": "Parameter 2 of transparency",
        "fullGroupName": "Particle system/Setup",
        "name": "ParticleAlpha2",
        "type": "ParticleAlpha2",
      },
      "Rendering first parameter": Object {
        "displayedName": "Rendering first parameter",
        "fullGroupName": "Particle system/Setup",
        "name": "RendererParam1",
        "type": "RendererParam1",
      },
      "Rendering second parameter": Object {
        "displayedName": "Rendering second parameter",
        "fullGroupName": "Particle system/Setup",
        "name": "RendererParam2",
        "type": "RendererParam2",
      },
      "X Gravity of particles": Object {
        "displayedName": "X Gravity of particles",
        "fullGroupName": "Particle system/Setup",
        "name": "ParticleGravityX",
        "type": "ParticleGravityX",
      },
      "Y Gravity of particles": Object {
        "displayedName": "Y Gravity of particles",
        "fullGroupName": "Particle system/Setup",
        "name": "ParticleGravityY",
        "type": "ParticleGravityY",
      },
    },
  },
  "Sprite": Object {
    "Animations and images": Object {
      "Animation": Object {
        "displayedName": "Animation",
        "fullGroupName": "Sprite/Animations and images",
        "name": "Animation",
        "type": "Animation",
      },
      "Animation speed scale": Object {
        "displayedName": "Animation speed scale",
        "fullGroupName": "Sprite/Animations and images",
        "name": "AnimationSpeedScale",
        "type": "AnimationSpeedScale",
      },
      "Image": Object {
        "displayedName": "Image",
        "fullGroupName": "Sprite/Animations and images",
        "name": "Sprite",
        "type": "Sprite",
      },
    },
    "Direction": Object {
      "Direction": Object {
        "displayedName": "Direction",
        "fullGroupName": "Sprite/Direction",
        "name": "Direction",
        "type": "Direction",
      },
    },
    "Opacity": Object {
      "Opacity": Object {
        "displayedName": "Opacity",
        "fullGroupName": "Sprite/Opacity",
        "name": "Opacity",
        "type": "Opacity",
      },
    },
    "Position": Object {
      "X position of a point": Object {
        "displayedName": "X position of a point",
        "fullGroupName": "Sprite/Position",
        "name": "PointX",
        "type": "PointX",
      },
      "Y position of a point": Object {
        "displayedName": "Y position of a point",
        "fullGroupName": "Sprite/Position",
        "name": "PointY",
        "type": "PointY",
      },
    },
    "Size": Object {
      "Scale of the height of an object": Object {
        "displayedName": "Scale of the height of an object",
        "fullGroupName": "Sprite/Size",
        "name": "ScaleY",
        "type": "ScaleY",
      },
      "Scale of the width of an object": Object {
        "displayedName": "Scale of the width of an object",
        "fullGroupName": "Sprite/Size",
        "name": "ScaleX",
        "type": "ScaleX",
      },
    },
  },
  "Text object": Object {
    "Opacity": Object {
      "Opacity": Object {
        "displayedName": "Opacity",
        "fullGroupName": "Text object/Opacity",
        "name": "Opacity",
        "type": "Opacity",
      },
    },
    "Rotation": Object {
      "Angle": Object {
        "displayedName": "Angle",
        "fullGroupName": "Text object/Rotation",
        "name": "Angle",
        "type": "Angle",
      },
    },
  },
}
`;
